<html>
<body>
<pre>
<h1>µVision Build Log</h1>
<h2>Tool Versions:</h2>
IDE-Version: ¦ÌVision V5.12.0.0
Copyright (C) 2014 ARM Ltd and ARM Germany GmbH. All rights reserved.
License Information: cdd Microsoft, Microsoft, LIC=9WSNN-Y1VI0-EVV1R-KBE9J-3JTCP-FB6ZN
 
Tool Versions:
Toolchain:       MDK-ARM Standard  Version: 5.12.0.0
Toolchain Path:  C:\Keil_v5\ARM\ARMCC\Bin
C Compiler:      Armcc.exe V5.05 (build 41)
Assembler:       Armasm.exe V5.05 (build 41)
Linker/Locator:  ArmLink.exe V5.05 (build 41)
Library Manager: ArmAr.exe V5.05 (build 41)
Hex Converter:   FromElf.exe V5.05 (build 41)
CPU DLL:         SARMCM3.DLL V5.12.0.0
Dialog DLL:      DARMCM1.DLL V1.11.00.0
    Target DLL: Segger\JL2CM3.dll
Dialog DLL:      TARMCM1.DLL V1.08.00.0
 
<h2>Project:</h2>
C:\Users\Titan_CDD\Desktop\coldDryer\ColdDryer.uvprojx
Project File Date:  05/15/2017

<h2>Output:</h2>
Rebuild target 'Target 1'
compiling main.c...
main.c(6): warning:  #111-D: statement is unreachable
        return 0 ;
main.c(7): warning:  #1-D: last line of file ends without a newline
  }
main.c: 2 warnings, 0 errors
compiling ADC_MCB1200.c...
compiling LED_MCB1200.c...
compiling RTX_Conf_CM.c...
assembling startup_LPC122x.s...
compiling system_LPC122x.c...
linking...
Program Size: Code=6612 RO-data=308 RW-data=80 ZI-data=3728  
".\Objects\ColdDryer.axf" - 0 Error(s), 2 Warning(s).

<h2>Software Packages used:</h2>

Package Vendor: ARM
                http://www.keil.com/pack/ARM.CMSIS.4.2.0.pack
                ::CMSIS:RTOS:1.0 (API)
                CMSIS (Cortex Microcontroller Software Interface Standard)
   * Component: RTOS Version: 1.0
   * Component: CORE Version: 3.40.0
   * Component: Keil RTX Version: 4.75.0

Package Vendor: Keil
                http://www.keil.com/pack/Keil.LPC1200_DFP.1.0.0.pack
                Keil::Device:Startup:1.0.0
                NXP LPC1200 Series Device Support
   * Component: Startup Version: 1.0.0

Package Vendor: Keil
                http://www.keil.com/pack/Keil.MCB1200_BSP.1.0.0.pack
                Keil.MCB1200::Board Support:A/D Converter:1.0.0
                Keil MCB1200 Development Board Support Package
   * Component: A/D Converter Version: 1.0.0
   * Component: LED Version: 1.0.0

Package Vendor: Keil
                http://www.keil.com/pack/Keil.MDK-Middleware.6.1.1.pack
                ::Board Support:LED:1.00 (API)
                Keil MDK-ARM Professional Middleware for ARM Cortex-M based devices
   * Component: LED Version: 1.00
   * Component: A/D Converter Version: 1.00

<h2>Collection of Component include folders:</h2>
  C:\Users\Titan_CDD\Desktop\coldDryer\RTE
  C:\Keil_v5\ARM\PACK\ARM\CMSIS\4.2.0\CMSIS\Include
  C:\Keil_v5\ARM\PACK\ARM\CMSIS\4.2.0\CMSIS_RTX\INC
  C:\Keil_v5\ARM\PACK\Keil\LPC1200_DFP\1.0.0\Device\Include\LPC12xx
  C:\Keil_v5\ARM\PACK\Keil\MDK-Middleware\6.1.1\Board

<h2>Collection of Component Files used:</h2>

   * Component: ::CMSIS:RTOS:1.0 (API)

   * Component: ARM::CMSIS:CORE:3.40.0
      Source file:   CMSIS\UserCodeTemplates\ARM\ITM_Retarget.c

   * Component: ARM::CMSIS:RTOS:Keil RTX:4.75.0
      Include file:  CMSIS_RTX\INC\cmsis_os.h
      Source file:   CMSIS_RTX\Templates\RTX_Conf_CM.c
      Include file:  CMSIS_RTX\UserCodeTemplates\osObjects.h
      Source file:   CMSIS_RTX\UserCodeTemplates\main.c
      Source file:   CMSIS_RTX\UserCodeTemplates\MailQueue.c
      Source file:   CMSIS_RTX\UserCodeTemplates\MemPool.c
      Source file:   CMSIS_RTX\UserCodeTemplates\MsgQueue.c
      Source file:   CMSIS_RTX\UserCodeTemplates\Mutex.c
      Source file:   CMSIS_RTX\UserCodeTemplates\Semaphore.c
      Source file:   CMSIS_RTX\UserCodeTemplates\Thread.c
      Source file:   CMSIS_RTX\UserCodeTemplates\Timer.c
      Source file:   CMSIS_RTX\SRC\ARM\SVC_Table.s
      Library file:  CMSIS_RTX\LIB\ARM\RTX_CM0.lib

   * Component: Keil::Device:Startup:1.0.0
      Include file:  Device\Include\LPC12xx\LPC122x.h
      Source file:   Device\Source\ARM\startup_LPC122x.s
      Source file:   Device\Source\system_LPC122x.c

   * Component: Keil.MCB1200::Board Support:A/D Converter:1.0.0
      Source file:   Common\ADC_MCB1200.c

   * Component: Keil.MCB1200::Board Support:LED:1.0.0
      Source file:   Common\LED_MCB1200.c

   * Component: ::Board Support:LED:1.00 (API)
      Include file:  Board\Board_LED.h

   * Component: ::Board Support:A/D Converter:1.00 (API)
      Include file:  Board\Board_ADC.h
</pre>
</body>
</html>
